\BOOKMARK [1][-]{section*.2}{\376\377\137\353\220\037\230\204\211\310\173\200\116\313}{}% 1
\BOOKMARK [1][-]{section.1}{\376\377\230\171\166\356\151\202\217\360}{}% 2
\BOOKMARK [2][-]{subsection.1.1}{\376\377\230\171\166\356\200\314\146\157}{section.1}% 3
\BOOKMARK [2][-]{subsection.1.2}{\376\377\213\276\213\241\166\356\150\007}{section.1}% 4
\BOOKMARK [2][-]{subsection.1.3}{\376\377\213\276\213\241\136\163\123\360\213\364\146\016}{section.1}% 5
\BOOKMARK [1][-]{section.2}{\376\377\000R\000I\000S\000C\000-\000V\000\040\000C\000P\000U\000\040\147\266\147\204\213\276\213\241}{}% 6
\BOOKMARK [2][-]{subsection.2.1}{\376\377\143\007\116\344\226\306\145\057\143\001\140\305\121\265}{section.2}% 7
\BOOKMARK [2][-]{subsection.2.2}{\376\377\000C\000P\000U\000\040\145\164\117\123\147\266\147\204\126\376}{section.2}% 8
\BOOKMARK [2][-]{subsection.2.3}{\376\377\145\160\143\156\220\032\215\357\124\004\152\041\127\127\166\204\213\276\213\241}{section.2}% 9
\BOOKMARK [3][-]{subsubsection.2.3.1}{\376\377\000I\000F\000U\000\040\123\326\143\007\152\041\127\127}{subsection.2.3}% 10
\BOOKMARK [3][-]{subsubsection.2.3.2}{\376\377\000I\000D\000U\000\040\213\321\170\001\116\016\133\304\133\130\126\150\213\373\123\326\152\041\127\127}{subsection.2.3}% 11
\BOOKMARK [3][-]{subsubsection.2.3.3}{\376\377\000E\000X\000U\000\040\142\147\210\114\152\041\127\127}{subsection.2.3}% 12
\BOOKMARK [3][-]{subsubsection.2.3.4}{\376\377\000L\000S\000U\000\040\213\277\133\130\121\103\117\341\140\157\117\040\220\022\116\016\177\023\133\130\145\301\215\357\152\041\127\127}{subsection.2.3}% 13
\BOOKMARK [3][-]{subsubsection.2.3.5}{\376\377\000W\000B\000U\000\040\121\231\126\336\152\041\127\127}{subsection.2.3}% 14
\BOOKMARK [3][-]{subsubsection.2.3.6}{\376\377\000G\000P\000R\000\040\116\016\000\040\000C\000S\000R\000\040\152\041\127\127}{subsection.2.3}% 15
\BOOKMARK [3][-]{subsubsection.2.3.7}{\376\377\122\006\145\057\230\204\155\113\116\016\143\247\122\066\155\101\117\356\153\143}{subsection.2.3}% 16
\BOOKMARK [3][-]{subsubsection.2.3.8}{\376\377\000S\000o\000C\000\040\134\001\210\305\116\016\131\026\213\276\146\040\134\004\152\041\127\127}{subsection.2.3}% 17
\BOOKMARK [3][-]{subsubsection.2.3.9}{\376\377\121\205\133\130\143\245\123\343\213\276\213\241}{subsection.2.3}% 18
\BOOKMARK [2][-]{subsection.2.4}{\376\377\145\160\143\156\220\032\215\357\117\341\123\367\210\150}{section.2}% 19
\BOOKMARK [2][-]{subsection.2.5}{\376\377\143\247\122\066\126\150\213\276\213\241}{section.2}% 20
\BOOKMARK [3][-]{subsubsection.2.5.1}{\376\377\143\247\122\066\117\341\123\367\210\150}{subsection.2.5}% 21
\BOOKMARK [3][-]{subsubsection.2.5.2}{\376\377\143\247\122\066\126\150\213\276\213\241\213\364\146\016}{subsection.2.5}% 22
\BOOKMARK [1][-]{section.3}{\376\377\000C\000P\000U\000\040\140\047\200\375\117\030\123\026\213\276\213\241}{}% 23
\BOOKMARK [2][-]{subsection.3.1}{\376\377\117\177\165\050\136\046\147\011\217\223\121\372\133\304\133\130\126\150\166\204\000\040\000B\000R\000A\000M}{section.3}% 24
\BOOKMARK [2][-]{subsection.3.2}{\376\377\122\115\172\357\143\247\122\066\155\101\117\030\123\026}{section.3}% 25
\BOOKMARK [2][-]{subsection.3.3}{\376\377\213\321\170\001\176\247\122\115\171\373\116\016\226\073\130\136\122\112\121\317}{section.3}% 26
\BOOKMARK [2][-]{subsection.3.4}{\376\377\142\147\210\114\116\016\213\277\133\130\121\163\225\056\215\357\137\204\123\213\177\051}{section.3}% 27
\BOOKMARK [2][-]{subsection.3.5}{\376\377\145\160\143\156\177\023\133\130\116\016\221\315\131\015\213\277\133\130\117\030\123\026}{section.3}% 28
\BOOKMARK [2][-]{subsection.3.6}{\376\377\133\236\163\260\145\366\136\217\116\016\140\047\200\375\176\323\147\234}{section.3}% 29
\BOOKMARK [1][-]{section.4}{\376\377\000C\000P\000U\000\040\162\171\202\162\122\237\200\375\213\276\213\241}{}% 30
\BOOKMARK [2][-]{subsection.4.1}{\376\377\000C\000S\000R\000\040\116\016\147\072\126\150\152\041\137\017\143\247\122\066\155\101\145\057\143\001}{section.4}% 31
\BOOKMARK [2][-]{subsection.4.2}{\376\377\123\357\150\145\143\245\000\040\000A\000X\000I\0004\000\040\166\204\133\130\120\250\213\277\225\356\143\245\123\343}{section.4}% 32
\BOOKMARK [1][-]{section.5}{\376\377\213\276\213\241\140\073\176\323}{}% 33
\BOOKMARK [1][-]{section.A}{\376\377\226\104\137\125}{}% 34
\BOOKMARK [2][-]{subsection.A.1}{\376\377\116\343\170\001\156\005\123\125}{section.A}% 35
\BOOKMARK [2][-]{subsection.A.2}{\376\377\135\345\172\013\166\356\137\125\176\323\147\204}{section.A}% 36
\BOOKMARK [2][-]{subsection.A.3}{\376\377\123\302\200\003\215\104\145\231}{section.A}% 37
\BOOKMARK [2][-]{subsection.A.4}{\376\377\000A\000I\135\345\121\167\117\177\165\050\130\360\146\016}{section.A}% 38
